2026-08-06 19:17:34 === Vol 11: Volume 11 TK_11.iso (216.9 MB) ===
2026-08-06 19:17:34   downloading
2026-08-06 19:20:00   SHA-1 verified
2026-08-06 19:20:00   compressing (solid LZMA2 512m mx9)
2026-08-06 19:20:52   iso.7z: 96.45 MB
2026-08-06 19:21:08   uploaded to vol-11
2026-08-06 19:21:14   DONE
2026-08-06 19:21:14 === Vol 12: Volume 12 - JOGO DISK .iso (153.6 MB) ===
2026-08-06 19:21:14   downloading
2026-08-06 19:22:16   SHA-1 verified
2026-08-06 19:22:16   compressing (solid LZMA2 512m mx9)
2026-08-06 19:22:45   iso.7z: 140.86 MB
2026-08-06 19:23:10   uploaded to vol-12
2026-08-06 19:23:10   DONE
2026-08-06 19:23:10 === Vol 25: Volume 25 - JOGO DISK .iso (156.4 MB) ===
2026-08-06 19:23:10   downloading
2026-08-06 19:24:30   SHA-1 verified
2026-08-06 19:24:30   compressing (solid LZMA2 512m mx9)
2026-08-06 19:24:58   iso.7z: 144.84 MB
2026-08-06 19:25:22   uploaded to vol-25
2026-08-06 19:25:23   DONE
2026-08-06 19:25:23 === Vol 26_Anniversary_Edition: Volume 26 [Anniversary Edition] - JOGO DISK .iso (502.5 MB) ===
2026-08-06 19:25:23   downloading
2026-08-06 19:27:55 === Vol 26_Anniversary_Edition: Volume 26 [Anniversary Edition] - JOGO DISK .iso (502.5 MB) ===
2026-08-06 19:27:57   downloading
2026-08-06 19:34:35 === Vol 26_Anniversary_Edition: Volume 26 [Anniversary Edition] - JOGO DISK .iso (502.5 MB) ===
2026-08-06 19:34:45   downloading
2026-08-06 19:35:32   SHA-1 verified
2026-08-06 19:35:32   compressing (solid LZMA2 512m mx9)
2026-08-06 19:40:22   iso.7z: 385.43 MB
2026-08-06 19:41:19   uploaded to vol-26_Anniversary_Edition
2026-08-06 19:41:20   DONE
2026-08-06 19:41:20 === Vol 28: Volume 28 - JOGO DISK .iso (202 MB) ===
2026-08-06 19:41:20   downloading
2026-08-06 19:43:10   SHA-1 verified
2026-08-06 19:43:10   compressing (solid LZMA2 512m mx9)
2026-08-06 19:43:46   iso.7z: 127.72 MB
2026-08-06 19:44:06   uploaded to vol-28
2026-08-06 19:44:07   DONE
2026-08-06 19:44:07 === Vol 29: Volume 29 - JOGO DISK .iso (243.6 MB) ===
2026-08-06 19:44:07   downloading
2026-08-06 19:45:41   SHA-1 verified
2026-08-06 19:45:41   compressing (solid LZMA2 512m mx9)
2026-08-06 19:46:37 === Vol 29: Volume 29 - JOGO DISK .iso (243.6 MB) ===
2026-08-06 19:46:39   SHA-1 verified
2026-08-06 19:46:39   iso.7z: 165.07 MB
2026-08-06 19:47:04   uploaded to vol-29
2026-08-06 19:47:05   DONE
2026-08-06 19:47:05 === Vol 30: Volume 30 - JOGO DISK .iso (215.3 MB) ===
2026-08-06 19:47:05   downloading
2026-08-06 19:48:22   SHA-1 verified
2026-08-06 19:48:22   compressing (solid LZMA2 512m mx9)
2026-08-06 19:49:08   iso.7z: 150.14 MB
2026-08-06 19:49:32   uploaded to vol-30
2026-08-06 19:49:32   DONE
2026-08-06 19:49:32 === Vol 31: Volume 31 - JOGO DISK .iso (166.5 MB) ===
2026-08-06 19:49:32   downloading
2026-08-06 19:50:22   SHA-1 verified
2026-08-06 19:50:22   compressing (solid LZMA2 512m mx9)
2026-08-06 19:50:53   iso.7z: 92.29 MB
2026-08-06 19:51:10   uploaded to vol-31
2026-08-06 19:51:11   DONE
2026-08-06 19:51:11 === Vol 33: Volume 33 - JOGO DISK .iso (171.7 MB) ===
2026-08-06 19:51:11   downloading
2026-08-06 19:52:36   SHA-1 verified
2026-08-06 19:52:36   compressing (solid LZMA2 512m mx9)
2026-08-06 19:53:15   iso.7z: 107.39 MB
2026-08-06 19:53:32   uploaded to vol-33
2026-08-06 19:53:33   DONE
2026-08-06 19:53:33 === Vol 34: Volume 34 My Disc.iso (100 MB) ===
2026-08-06 19:53:33   downloading
2026-08-06 19:54:46   SHA-1 verified
2026-08-06 19:54:46   compressing (solid LZMA2 512m mx9)
2026-08-06 19:55:10   iso.7z: 81.93 MB
2026-08-06 19:55:24   uploaded to vol-34
2026-08-06 19:55:24   DONE
2026-08-06 19:55:24 === Vol 35: Volume 35 - JOGO DISK .iso (116.2 MB) ===
2026-08-06 19:55:24   downloading
2026-08-06 19:56:19   SHA-1 verified
2026-08-06 19:56:19   compressing (solid LZMA2 512m mx9)
2026-08-06 19:56:54   iso.7z: 98.61 MB
2026-08-06 19:57:11   uploaded to vol-35
2026-08-06 19:57:11   DONE
2026-08-06 19:57:11 === Vol 36: Volume 36 - JOGO DISK .iso (102.7 MB) ===
2026-08-06 19:57:11   downloading
2026-08-06 19:57:59   SHA-1 verified
2026-08-06 19:57:59   compressing (solid LZMA2 512m mx9)
2026-08-06 19:58:23   iso.7z: 87.65 MB
2026-08-06 19:58:36   uploaded to vol-36
2026-08-06 19:58:37   DONE
2026-08-06 19:58:37 === Vol 37: Volume 37 - JOGO DISK .iso (97 MB) ===
2026-08-06 19:58:37   downloading
2026-08-06 19:59:25   SHA-1 verified
2026-08-06 19:59:25   compressing (solid LZMA2 512m mx9)
2026-08-06 19:59:48   iso.7z: 83.56 MB
2026-08-06 20:00:07   uploaded to vol-37
2026-08-06 20:00:07   DONE
2026-08-06 20:00:07 === Vol 39: Volume 39 - JOGO DISK .iso (88.9 MB) ===
2026-08-06 20:00:07   downloading
2026-08-06 20:00:34   SHA-1 verified
2026-08-06 20:00:34   compressing (solid LZMA2 512m mx9)
2026-08-06 20:00:49   iso.7z: 75.16 MB
2026-08-06 20:01:02   uploaded to vol-39
2026-08-06 20:01:02   DONE
2026-08-06 20:01:02 === Vol 41: Volume 41 - JOGO DISK .iso (152.7 MB) ===
2026-08-06 20:01:02   downloading
2026-08-06 20:02:23   SHA-1 verified
2026-08-06 20:02:23   compressing (solid LZMA2 512m mx9)
2026-08-06 20:02:51   iso.7z: 128.29 MB
2026-08-06 20:03:11   uploaded to vol-41
2026-08-06 20:03:11   DONE
2026-08-06 20:03:11 === Vol 44: Volume 44 - JOGO DISK .iso (121.4 MB) ===
2026-08-06 20:03:11   downloading
2026-08-06 20:04:21   SHA-1 verified
2026-08-06 20:04:21   compressing (solid LZMA2 512m mx9)
2026-08-06 20:04:42   iso.7z: 99.76 MB
2026-08-06 20:04:54   FAILED: upload failed exit 1
2026-08-06 20:04:54 === Vol 46: Volume 46 - JOGO DISK .iso (419.3 MB) ===
2026-08-06 20:04:54   downloading
2026-08-06 20:08:33   SHA-1 verified
2026-08-06 20:08:33   compressing (solid LZMA2 512m mx9)
2026-08-06 20:11:32   iso.7z: 367.05 MB
2026-08-06 20:12:32   uploaded to vol-46
2026-08-06 20:12:33   DONE
2026-08-06 20:12:33 === Vol 47: Volume 47 - JOGO DISK .iso (147.1 MB) ===
2026-08-06 20:12:33   downloading
2026-08-06 20:13:25   SHA-1 verified
2026-08-06 20:13:25   compressing (solid LZMA2 512m mx9)
2026-08-06 20:13:48   iso.7z: 130.22 MB
2026-08-06 20:14:09   uploaded to vol-47
2026-08-06 20:14:09   DONE
2026-08-06 20:14:09 === Vol 49: Volume 49 - JOGO DISK .iso (121.4 MB) ===
2026-08-06 20:14:09   downloading
2026-08-06 20:14:52   SHA-1 verified
2026-08-06 20:14:52   compressing (solid LZMA2 512m mx9)
2026-08-06 20:15:14   iso.7z: 106.68 MB
2026-08-06 20:15:30   uploaded to vol-49
2026-08-06 20:15:31   DONE
2026-08-06 20:15:31 === Vol 50: Volume 50 - JOGO DISK .iso (133 MB) ===
2026-08-06 20:15:31   downloading
2026-08-06 20:17:09 === Vol 44: Volume 44 - JOGO DISK .iso (121.4 MB) ===
2026-08-06 20:17:37   SHA-1 verified
2026-08-06 20:17:37   iso.7z: 99.76 MB
2026-08-06 20:17:56   uploaded to vol-44
2026-08-06 20:17:57   DONE
2026-08-06 20:17:57 === Vol 50: Volume 50 - JOGO DISK .iso (133 MB) ===
2026-08-06 20:17:58   downloading
2026-08-06 20:18:26   SHA-1 verified
2026-08-06 20:18:27   compressing (solid LZMA2 512m mx9)
2026-08-06 20:18:58   iso.7z: 118.24 MB
2026-08-06 20:19:19   uploaded to vol-50
2026-08-06 20:19:19   DONE
2026-08-06 20:19:19 === Vol 52: Volume 52 - JOGO DISK .iso (115.3 MB) ===
2026-08-06 20:19:19   downloading
2026-08-06 20:20:20   SHA-1 verified
2026-08-06 20:20:20   compressing (solid LZMA2 512m mx9)
2026-08-06 20:20:41   iso.7z: 98.08 MB
2026-08-06 20:20:56   uploaded to vol-52
2026-08-06 20:20:56   DONE
2026-08-06 20:20:56 === Vol 53: Volume 53 - JOGO DISK .iso (121.2 MB) ===
2026-08-06 20:20:56   downloading
2026-08-06 20:21:52   SHA-1 verified
2026-08-06 20:21:52   compressing (solid LZMA2 512m mx9)
2026-08-06 20:22:20   iso.7z: 107.43 MB
2026-08-06 20:22:38   uploaded to vol-53
2026-08-06 20:22:38   DONE
2026-08-06 20:22:38 === Vol 55: Volume 55 - JOGO DISK .iso (103.6 MB) ===
2026-08-06 20:22:38   downloading
2026-08-06 20:24:23   FAILED: curl exit 56
2026-08-06 20:24:23 === Vol 56: Volume 56 - JOGO DISK .iso (100.7 MB) ===
2026-08-06 20:24:23   downloading
2026-08-06 20:25:02   SHA-1 verified
2026-08-06 20:25:02   compressing (solid LZMA2 512m mx9)
2026-08-06 20:25:22   iso.7z: 87.08 MB
2026-08-06 20:25:36   uploaded to vol-56
2026-08-06 20:25:36   DONE
2026-08-06 20:25:36 === Vol 59: Volume 59 - JOGO DISK .iso (105.5 MB) ===
2026-08-06 20:25:36   downloading
2026-08-06 20:26:43   SHA-1 verified
2026-08-06 20:26:43   compressing (solid LZMA2 512m mx9)
2026-08-06 20:27:04   iso.7z: 89.18 MB
2026-08-06 20:27:19   uploaded to vol-59
2026-08-06 20:27:19   DONE
2026-08-06 20:27:19 === Vol 60: Volume 60.iso (115.6 MB) ===
2026-08-06 20:27:19   downloading
2026-08-06 20:28:10   SHA-1 verified
2026-08-06 20:28:10   compressing (solid LZMA2 512m mx9)
2026-08-06 20:28:35   iso.7z: 100.96 MB
2026-08-06 20:28:56   uploaded to vol-60
2026-08-06 20:28:56   DONE
2026-08-06 20:28:56 === Vol 61: Volume 61 - JOGO DISK .iso (95.4 MB) ===
2026-08-06 20:28:56   downloading
2026-08-06 20:32:50   FAILED: curl exit 56
2026-08-06 20:32:50 === Vol 62: Volume 62 - JOGO DISK .iso (97.4 MB) ===
2026-08-06 20:32:50   downloading
2026-08-06 20:33:23   SHA-1 verified
2026-08-06 20:33:23   compressing (solid LZMA2 512m mx9)
2026-08-06 20:33:39   iso.7z: 84.47 MB
2026-08-06 20:33:59   uploaded to vol-62
2026-08-06 20:33:59   DONE
2026-08-06 20:33:59 === Vol 63: Volume 63 - JOGO DISK .iso (77 MB) ===
2026-08-06 20:33:59   downloading
2026-08-06 20:34:30   SHA-1 verified
2026-08-06 20:34:30   compressing (solid LZMA2 512m mx9)
2026-08-06 20:34:41   iso.7z: 67.54 MB
2026-08-06 20:34:54   uploaded to vol-63
2026-08-06 20:34:54   DONE
2026-08-06 20:34:54 === Vol 64: Volume 64 - JOGO DISK .iso (85.6 MB) ===
2026-08-06 20:34:54   downloading
2026-08-06 20:38:07   SHA-1 verified
2026-08-06 20:38:08   compressing (solid LZMA2 512m mx9)
2026-08-06 20:38:22   iso.7z: 74.58 MB
2026-08-06 20:38:35   uploaded to vol-64
2026-08-06 20:38:36   DONE
2026-08-06 20:38:36 === Vol 65: Volume 65.iso (93.9 MB) ===
2026-08-06 20:38:36   downloading
2026-08-06 20:39:15   SHA-1 verified
2026-08-06 20:39:15   compressing (solid LZMA2 512m mx9)
2026-08-06 20:39:30   iso.7z: 81.54 MB
2026-08-06 20:39:43   uploaded to vol-65
2026-08-06 20:39:43   DONE
2026-08-06 20:39:43 === Vol 74_Damaged: Volume 74 My Disc - Damaged.iso (71.1 MB) ===
2026-08-06 20:39:43   downloading
2026-08-06 20:40:14   SHA-1 verified
2026-08-06 20:40:14   compressing (solid LZMA2 512m mx9)
2026-08-06 20:40:21   iso.7z: 46.37 MB
2026-08-06 20:40:29   uploaded to vol-74_Damaged
2026-08-06 20:40:29   DONE
2026-08-06 20:40:29 === Vol 75_Damaged: Volume 75 My Disc - Damaged.iso (117.8 MB) ===
2026-08-06 20:40:29   downloading
2026-08-06 20:41:12   SHA-1 verified
2026-08-06 20:41:12   compressing (solid LZMA2 512m mx9)
2026-08-06 20:41:34   iso.7z: 102.04 MB
2026-08-06 20:41:50   uploaded to vol-75_Damaged
2026-08-06 20:41:50   DONE
2026-08-06 20:41:50 === Vol 76: Volume 76 My Disc.iso (112.1 MB) ===
2026-08-06 20:41:50   downloading
2026-08-06 20:42:38   SHA-1 verified
2026-08-06 20:42:38   compressing (solid LZMA2 512m mx9)
2026-08-06 20:43:02   iso.7z: 93.21 MB
2026-08-06 20:43:17   uploaded to vol-76
2026-08-06 20:43:17   DONE
2026-08-06 20:43:17 === Vol 78: Volume 78 My Disc.iso (87.5 MB) ===
2026-08-06 20:43:17   downloading
2026-08-06 20:43:50   SHA-1 verified
2026-08-06 20:43:50   compressing (solid LZMA2 512m mx9)
2026-08-06 20:44:06   iso.7z: 77.56 MB
2026-08-06 20:44:19   uploaded to vol-78
2026-08-06 20:44:19   DONE
2026-08-06 20:44:19 === Vol 83: Volume 83 My Disc.iso (63.1 MB) ===
2026-08-06 20:44:19   downloading
2026-08-06 20:44:48   SHA-1 verified
2026-08-06 20:44:48   compressing (solid LZMA2 512m mx9)
2026-08-06 20:45:01   iso.7z: 53.91 MB
2026-08-06 20:45:10   uploaded to vol-83
2026-08-06 20:45:10   DONE
2026-08-06 20:45:10 === Vol 86: Volume 86 My Disc.iso (80.3 MB) ===
2026-08-06 20:45:10   downloading
2026-08-06 20:45:47   SHA-1 verified
2026-08-06 20:45:47   compressing (solid LZMA2 512m mx9)
2026-08-06 20:46:09   iso.7z: 73.69 MB
2026-08-06 20:46:21   uploaded to vol-86
2026-08-06 20:46:22   DONE
2026-08-06 20:46:22 === Vol 89: Volume 89 My Disc.iso (91.8 MB) ===
2026-08-06 20:46:22   downloading
2026-08-06 20:47:05   SHA-1 verified
2026-08-06 20:47:05   compressing (solid LZMA2 512m mx9)
2026-08-06 20:47:19 === Vol 55: Volume 55 - JOGO DISK .iso (103.6 MB) ===
2026-08-06 20:47:25   downloading
2026-08-06 20:47:33   SHA-1 verified
2026-08-06 20:47:33   compressing (solid LZMA2 512m mx9)
2026-08-06 20:48:01   iso.7z: 91.62 MB
2026-08-06 20:48:16   uploaded to vol-55
2026-08-06 20:48:16   DONE
2026-08-06 20:48:16 === Vol 61: Volume 61 - JOGO DISK .iso (95.4 MB) ===
2026-08-06 20:48:16   downloading
2026-08-06 20:49:03   SHA-1 verified
2026-08-06 20:49:03   compressing (solid LZMA2 512m mx9)
2026-08-06 20:49:20   iso.7z: 81.91 MB
2026-08-06 20:49:34   uploaded to vol-61
2026-08-06 20:49:35   DONE
2026-08-06 20:49:35 === Vol 89: Volume 89 My Disc.iso (91.8 MB) ===
2026-08-06 20:49:37   SHA-1 verified
2026-08-06 20:49:38   iso.7z: 8.02 MB
2026-08-06 20:49:41   uploaded to vol-89
2026-08-06 20:49:41   DONE
2026-08-06 20:49:41 === Vol 93: Volume 93 My Disc.iso (84.9 MB) ===
2026-08-06 20:49:41   downloading
2026-08-06 20:50:17   SHA-1 verified
2026-08-06 20:50:17   compressing (solid LZMA2 512m mx9)
2026-08-06 20:50:37   iso.7z: 78.03 MB
2026-08-06 20:50:51   uploaded to vol-93
2026-08-06 20:50:51   DONE
2026-08-06 20:50:51 === Vol 99: Volume 99 Jan 19 2010.iso (69.7 MB) ===
2026-08-06 20:50:51   downloading
2026-08-06 20:51:29   SHA-1 verified
2026-08-06 20:51:29   compressing (solid LZMA2 512m mx9)
2026-08-06 20:51:53   iso.7z: 62.31 MB
2026-08-06 20:52:07   uploaded to vol-99
2026-08-06 20:52:07   DONE
2026-08-06 20:52:07 === Vol 104: Volume 104 Mar 13 2010.iso (77.3 MB) ===
2026-08-06 20:52:07   downloading
2026-08-06 20:55:40   SHA-1 verified
2026-08-06 20:55:40   compressing (solid LZMA2 512m mx9)
2026-08-06 20:55:54   iso.7z: 69.91 MB
2026-08-06 20:56:08   uploaded to vol-104
2026-08-06 20:56:08   DONE
2026-08-06 20:56:08 === Vol 108: Volume 108.iso (70.9 MB) ===
2026-08-06 20:56:08   downloading
2026-08-06 20:56:36   SHA-1 verified
2026-08-06 20:56:36   compressing (solid LZMA2 512m mx9)
2026-08-06 20:56:49   iso.7z: 62.14 MB
2026-08-06 20:57:02   uploaded to vol-108
2026-08-06 20:57:02   DONE
2026-08-06 20:57:02 === Vol 110: Volume 110.iso (64.9 MB) ===
2026-08-06 20:57:02   downloading
2026-08-06 20:58:31   SHA-1 verified
2026-08-06 20:58:31   compressing (solid LZMA2 512m mx9)
2026-08-06 20:58:41   iso.7z: 55.19 MB
2026-08-06 20:58:51   uploaded to vol-110
2026-08-06 20:58:51   DONE
2026-08-06 20:58:51 === Vol 112: Volume 112.iso (74.2 MB) ===
2026-08-06 20:58:51   downloading
2026-08-06 20:59:22   SHA-1 verified
2026-08-06 20:59:22   compressing (solid LZMA2 512m mx9)
2026-08-06 20:59:32   iso.7z: 65.31 MB
2026-08-06 20:59:44   uploaded to vol-112
2026-08-06 20:59:44   DONE
2026-08-06 20:59:44 === Vol 117: Volume 117 Oct 15 2010.iso (76.8 MB) ===
2026-08-06 20:59:44   downloading
2026-08-06 21:00:15   SHA-1 verified
2026-08-06 21:00:15   compressing (solid LZMA2 512m mx9)
2026-08-06 21:00:26   iso.7z: 69.25 MB
2026-08-06 21:00:37   uploaded to vol-117
2026-08-06 21:00:37   DONE
2026-08-06 21:00:37 === Vol 119: Volume 119 Nov 09 2010.iso (139.8 MB) ===
2026-08-06 21:00:37   downloading
2026-08-06 21:07:24   SHA-1 verified
2026-08-06 21:07:24   compressing (solid LZMA2 512m mx9)
2026-08-06 21:07:47   iso.7z: 63.06 MB
2026-08-06 21:07:58   uploaded to vol-119
2026-08-06 21:07:58   DONE
2026-08-06 21:07:58 === Vol 123: Volume 123 Jan 13 2011.iso (67.3 MB) ===
2026-08-06 21:07:58   downloading
2026-08-06 21:08:26   SHA-1 verified
2026-08-06 21:08:26   compressing (solid LZMA2 512m mx9)
2026-08-06 21:08:35   iso.7z: 55.49 MB
2026-08-06 21:08:45   uploaded to vol-123
2026-08-06 21:08:45   DONE
2026-08-06 21:08:45 === Vol 132: Volume 132 Jun 09 2011.iso (102.6 MB) ===
2026-08-06 21:08:45   downloading
2026-08-06 21:09:20   SHA-1 verified
2026-08-06 21:09:20   compressing (solid LZMA2 512m mx9)
2026-08-06 21:09:37   iso.7z: 95.81 MB
2026-08-06 21:09:53   uploaded to vol-132
2026-08-06 21:09:53   DONE
2026-08-06 21:09:53 === Vol 134: Volume 134 Jun 29 2011.iso (95.7 MB) ===
2026-08-06 21:09:53   downloading
2026-08-06 21:11:18   SHA-1 verified
2026-08-06 21:11:18   compressing (solid LZMA2 512m mx9)
2026-08-06 21:11:43   iso.7z: 88.53 MB
2026-08-06 21:11:57   uploaded to vol-134
2026-08-06 21:11:57   DONE
2026-08-06 21:11:57 === Vol 136: Volume 136 My Disc - Damaged.iso (71.1 MB) ===
2026-08-06 21:11:57   downloading
2026-08-06 21:12:32   SHA-1 verified
2026-08-06 21:12:32   compressing (solid LZMA2 512m mx9)
2026-08-06 21:12:43   iso.7z: 61.9 MB
2026-08-06 21:12:54   uploaded to vol-136
2026-08-06 21:12:54   DONE
2026-08-06 21:12:54 === Vol 138: Volume 138 Aug 19 2011 - Damaged.iso (62.8 MB) ===
2026-08-06 21:12:54   downloading
2026-08-06 21:13:30   SHA-1 verified
2026-08-06 21:13:30   compressing (solid LZMA2 512m mx9)
2026-08-06 21:13:43   iso.7z: 54.45 MB
2026-08-06 21:13:53   uploaded to vol-138
2026-08-06 21:13:53   DONE
2026-08-06 21:13:53 === Vol 139: Volume 139 Sep 24 2011.iso (61.2 MB) ===
2026-08-06 21:13:53   downloading
2026-08-06 21:17:42 === Vol 139: Volume 139 Sep 24 2011.iso (61.2 MB) ===
2026-08-06 21:17:42   downloading
2026-08-06 21:18:05   SHA-1 verified
2026-08-06 21:18:05   compressing (solid LZMA2 512m mx9)
2026-08-06 21:18:32   iso.7z: 53.68 MB
2026-08-06 21:18:42   uploaded to vol-139
2026-08-06 21:18:43   DONE
2026-08-06 21:18:43 === Vol 140: Volume 140 Sep 19 2011.iso (95.3 MB) ===
2026-08-06 21:18:43   downloading
2026-08-06 21:23:05   SHA-1 verified
2026-08-06 21:23:05   compressing (solid LZMA2 512m mx9)
2026-08-06 21:23:23   iso.7z: 87.5 MB
2026-08-06 21:23:43   uploaded to vol-140
2026-08-06 21:23:43   DONE
2026-08-06 21:23:43 === Vol 141: Volume 141 Oct 17 2011.iso (116.8 MB) ===
2026-08-06 21:23:43   downloading
2026-08-06 21:24:30   SHA-1 verified
2026-08-06 21:24:30   compressing (solid LZMA2 512m mx9)
2026-08-06 21:24:55   iso.7z: 109.52 MB
2026-08-06 21:25:12   uploaded to vol-141
2026-08-06 21:25:13   DONE
2026-08-06 21:25:13 === Vol 142_Damaged: Volume 142 Oct 17 2011 - Damaged.iso (182.1 MB) ===
2026-08-06 21:25:13   downloading
2026-08-06 21:34:36   SHA-1 verified
2026-08-06 21:34:36   compressing (solid LZMA2 512m mx9)
2026-08-06 21:35:07   iso.7z: 73.67 MB
2026-08-06 21:35:21   uploaded to vol-142_Damaged
2026-08-06 21:35:22   DONE
2026-08-06 21:35:22 === Vol 143: Volume 143 Nov 15 2011.iso (79.1 MB) ===
2026-08-06 21:35:22   downloading
2026-08-06 21:35:49   SHA-1 verified
2026-08-06 21:35:49   compressing (solid LZMA2 512m mx9)
2026-08-06 21:36:01   iso.7z: 71.27 MB
2026-08-06 21:36:13   uploaded to vol-143
2026-08-06 21:36:13   DONE
2026-08-06 21:36:13 === Vol 144: Volume 144 Nov 15 2011 - Damaged.iso (71.2 MB) ===
2026-08-06 21:36:13   downloading
2026-08-06 21:37:20   FAILED: curl exit 56
2026-08-06 21:37:20 === Vol 145: Volume 145 Dec 21 2011.iso (93.2 MB) ===
2026-08-06 21:37:20   downloading
2026-08-06 21:38:42   SHA-1 verified
2026-08-06 21:38:42   compressing (solid LZMA2 512m mx9)
2026-08-06 21:39:11   iso.7z: 84.64 MB
2026-08-06 21:39:26   uploaded to vol-145
2026-08-06 21:39:26   DONE
2026-08-06 21:39:26 === Vol 146: Volume 146 Jan 07 2012.iso (54.1 MB) ===
2026-08-06 21:39:26   downloading
2026-08-06 21:39:47   SHA-1 verified
2026-08-06 21:39:47   compressing (solid LZMA2 512m mx9)
2026-08-06 21:40:01   iso.7z: 47.22 MB
2026-08-06 21:40:10   uploaded to vol-146
2026-08-06 21:40:10   DONE
2026-08-06 21:40:10 === Vol 147: Volume 147 Jan 21 2012.iso (89.4 MB) ===
2026-08-06 21:40:10   downloading
2026-08-06 21:45:44   SHA-1 verified
2026-08-06 21:45:44   compressing (solid LZMA2 512m mx9)
2026-08-06 21:46:04   iso.7z: 82.5 MB
2026-08-06 21:46:18   uploaded to vol-147
2026-08-06 21:46:18   DONE
2026-08-06 21:46:18 === Vol 148: Volume 148 Feb 07 2012.iso (89.6 MB) ===
2026-08-06 21:46:18   downloading
2026-08-06 21:46:58   SHA-1 verified
2026-08-06 21:46:58   compressing (solid LZMA2 512m mx9)
2026-08-06 21:47:17   iso.7z: 83.03 MB
2026-08-06 21:47:30   uploaded to vol-148
2026-08-06 21:47:30   DONE
2026-08-06 21:47:30 === Vol 149: Volume 149 Feb 25 2012.iso (81.7 MB) ===
2026-08-06 21:47:30   downloading
2026-08-06 21:47:54 === Vol 144: Volume 144 Nov 15 2011 - Damaged.iso (71.2 MB) ===
2026-08-06 21:47:55   downloading
2026-08-06 21:48:23   SHA-1 verified
2026-08-06 21:48:23   compressing (solid LZMA2 512m mx9)
2026-08-06 21:48:40   iso.7z: 60.98 MB
2026-08-06 21:48:50   uploaded to vol-144
2026-08-06 21:48:52   DONE
2026-08-06 21:48:52 === Vol 149: Volume 149 Feb 25 2012.iso (81.7 MB) ===
2026-08-06 21:48:53   downloading
2026-08-06 21:49:30   SHA-1 verified
2026-08-06 21:49:30   compressing (solid LZMA2 512m mx9)
2026-08-06 21:49:50   iso.7z: 74.85 MB
2026-08-06 21:50:03   uploaded to vol-149
2026-08-06 21:50:03   DONE
2026-08-06 21:50:03 === Vol A-4: Volume A-4 Volume. A4.iso (77 MB) ===
2026-08-06 21:50:03   downloading
2026-08-06 21:50:39   SHA-1 verified
2026-08-06 21:50:39   compressing (solid LZMA2 512m mx9)
2026-08-06 21:51:11   iso.7z: 67.54 MB
2026-08-06 21:51:24   uploaded to vol-A-4
2026-08-06 21:51:25   DONE
2026-08-06 21:51:25 === Vol A-12: Volume A-12 Apr 04 2012.iso (402 MB) ===
2026-08-06 21:51:25   downloading
2026-08-06 22:11:50   SHA-1 verified
2026-08-06 22:11:50   compressing (solid LZMA2 512m mx9)
2026-08-06 22:13:23   iso.7z: 337.55 MB
2026-08-06 22:14:14   uploaded to vol-A-12
2026-08-06 22:14:14   DONE
2026-08-06 22:14:14 === Vol B-12: Volume B-12 Apr 13 2012.iso (285.5 MB) ===
2026-08-06 22:14:14   downloading
2026-08-06 22:17:32   SHA-1 verified
2026-08-06 22:17:32   compressing (solid LZMA2 512m mx9)
2026-08-06 22:18:11 === Vol B-12: Volume B-12 Apr 13 2012.iso (285.5 MB) ===
2026-08-06 22:18:14   SHA-1 verified
2026-08-06 22:18:14   iso.7z: 24.8 MB
2026-08-06 22:18:20   uploaded to vol-B-12
2026-08-06 22:18:21   DONE
2026-08-06 22:18:21 === Vol E-12: Volume E-12 May 21 2012.iso (270.8 MB) ===
2026-08-06 22:18:21   downloading
2026-08-06 22:20:04   SHA-1 verified
2026-08-06 22:20:04   compressing (solid LZMA2 512m mx9)
2026-08-06 22:21:29   iso.7z: 185.44 MB
2026-08-06 22:21:58   uploaded to vol-E-12
2026-08-06 22:21:58   DONE
2026-08-06 22:21:58 === Vol F-12: Volume F-12 Jun 02 2012.iso (315.6 MB) ===
2026-08-06 22:21:58   downloading
2026-08-06 22:23:58   SHA-1 verified
2026-08-06 22:23:58   compressing (solid LZMA2 512m mx9)
2026-08-06 22:25:04   iso.7z: 180.06 MB
2026-08-06 22:25:30   uploaded to vol-F-12
2026-08-06 22:25:31   DONE
2026-08-06 22:25:31 === Vol G-12: Volume G-12 Jun 21 2012.iso (390.3 MB) ===
2026-08-06 22:25:31   downloading
2026-08-06 22:30:13   SHA-1 verified
2026-08-06 22:30:13   compressing (solid LZMA2 512m mx9)
2026-08-06 22:32:07   iso.7z: 278.33 MB
2026-08-06 22:32:48   uploaded to vol-G-12
2026-08-06 22:32:49   DONE
2026-08-06 22:32:49 === Vol K-14: Volume K-14 Jun 07 2014.iso (161.4 MB) ===
2026-08-06 22:32:49   downloading
2026-08-06 22:42:36   SHA-1 verified
2026-08-06 22:42:36   compressing (solid LZMA2 512m mx9)
2026-08-06 22:42:59   iso.7z: 118.84 MB
2026-08-06 22:43:20   uploaded to vol-K-14
2026-08-06 22:43:20   DONE
2026-08-06 22:43:20 === Vol M-12: Volume M-12.iso (111.5 MB) ===
2026-08-06 22:43:20   downloading
2026-08-06 22:44:05   SHA-1 verified
2026-08-06 22:44:05   compressing (solid LZMA2 512m mx9)
2026-08-06 22:44:31   iso.7z: 99.32 MB
2026-08-06 22:44:52   uploaded to vol-M-12
2026-08-06 22:44:52   DONE
